/home/runner/work/Demo_GithubActions_CI_CD/Demo_GithubActions_CI_CD/src/main/java/pages/DescriptionStatusPage.java
/home/runner/work/Demo_GithubActions_CI_CD/Demo_GithubActions_CI_CD/src/main/java/pages/LoginPage.java
/home/runner/work/Demo_GithubActions_CI_CD/Demo_GithubActions_CI_CD/src/main/java/pages/LoadingPage.java
/home/runner/work/Demo_GithubActions_CI_CD/Demo_GithubActions_CI_CD/src/main/java/pages/SecureAreaPage.java
/home/runner/work/Demo_GithubActions_CI_CD/Demo_GithubActions_CI_CD/src/main/java/pages/AlertPage.java
/home/runner/work/Demo_GithubActions_CI_CD/Demo_GithubActions_CI_CD/src/main/java/pages/ForgotPasswordPage.java
/home/runner/work/Demo_GithubActions_CI_CD/Demo_GithubActions_CI_CD/src/main/java/pages/IFramesPage.java
/home/runner/work/Demo_GithubActions_CI_CD/Demo_GithubActions_CI_CD/src/main/java/pages/GeolocationPage.java
/home/runner/work/Demo_GithubActions_CI_CD/Demo_GithubActions_CI_CD/src/main/java/pages/StatusCodesPage.java
/home/runner/work/Demo_GithubActions_CI_CD/Demo_GithubActions_CI_CD/src/main/java/pages/Example2LoadingPage.java
/home/runner/work/Demo_GithubActions_CI_CD/Demo_GithubActions_CI_CD/src/main/java/pages/FramePage.java
/home/runner/work/Demo_GithubActions_CI_CD/Demo_GithubActions_CI_CD/src/main/java/pages/EmailSentPage.java
/home/runner/work/Demo_GithubActions_CI_CD/Demo_GithubActions_CI_CD/src/main/java/pages/Example1LoadingPage.java
/home/runner/work/Demo_GithubActions_CI_CD/Demo_GithubActions_CI_CD/src/main/java/pages/FileUploadPage.java
/home/runner/work/Demo_GithubActions_CI_CD/Demo_GithubActions_CI_CD/src/main/java/pages/DropDownPage.java
/home/runner/work/Demo_GithubActions_CI_CD/Demo_GithubActions_CI_CD/src/main/java/pages/HomePage.java
